🤖 Starting Automatic Questionnaire Processor (PORT 3000)...
⏰ Checking for due sends every 60 seconds
🎯 Endpoint: http://localhost:3000/api/test/process-fast
📧 Perfect for testing 10-minute recurrence!

🛑 Press Ctrl+C to stop

🔄 [10:32:25 PM] Checking for due sends...
ℹ️  [10:32:25 PM] No sends due for processing (1 checks total)
🔄 [10:33:25 PM] Checking for due sends...
ℹ️  [10:33:25 PM] No sends due for processing (2 checks total)
🔄 [10:34:25 PM] Checking for due sends...
ℹ️  [10:34:25 PM] No sends due for processing (3 checks total)
🔄 [10:35:25 PM] Checking for due sends...
ℹ️  [10:35:25 PM] No sends due for processing (4 checks total)
🔄 [10:36:25 PM] Checking for due sends...
ℹ️  [10:36:25 PM] No sends due for processing (5 checks total)
🔄 [10:37:25 PM] Checking for due sends...
✅ [10:37:25 PM] SUCCESS! Processed 1/1 sends
   📧 Nicolás Bagattini - Índice de Bienestar WHO-5 (10_minutos)
   ⏰ Next send: 10:45:33 PM
   🔗 Link: http://localhost:3000/cuestionario/84a960fb-1cf3-45ca-96a7-ab768e5d2c85

🔄 [10:38:25 PM] Checking for due sends...
ℹ️  [10:38:25 PM] No sends due for processing (7 checks total)
🔄 [10:39:25 PM] Checking for due sends...
ℹ️  [10:39:25 PM] No sends due for processing (8 checks total)
🔄 [10:40:25 PM] Checking for due sends...
ℹ️  [10:40:25 PM] No sends due for processing (9 checks total)
🔄 [10:41:25 PM] Checking for due sends...
ℹ️  [10:41:25 PM] No sends due for processing (10 checks total)
🔄 [10:42:25 PM] Checking for due sends...
ℹ️  [10:42:25 PM] No sends due for processing (11 checks total)
🔄 [10:43:25 PM] Checking for due sends...
ℹ️  [10:43:25 PM] No sends due for processing (12 checks total)
🔄 [10:44:25 PM] Checking for due sends...
ℹ️  [10:44:25 PM] No sends due for processing (13 checks total)
🔄 [10:45:25 PM] Checking for due sends...
ℹ️  [10:45:25 PM] No sends due for processing (14 checks total)
🔄 [10:46:25 PM] Checking for due sends...
✅ [10:46:25 PM] SUCCESS! Processed 1/1 sends
   📧 Nicolás Bagattini - Índice de Bienestar WHO-5 (10_minutos)
   ⏰ Next send: 10:55:33 PM
   🔗 Link: http://localhost:3000/cuestionario/86e2f18c-2264-44b8-a460-9bf817c54d20

🔄 [10:47:25 PM] Checking for due sends...
ℹ️  [10:47:25 PM] No sends due for processing (16 checks total)
🔄 [10:48:25 PM] Checking for due sends...
ℹ️  [10:48:25 PM] No sends due for processing (17 checks total)
🔄 [10:49:25 PM] Checking for due sends...
ℹ️  [10:49:25 PM] No sends due for processing (18 checks total)
🔄 [10:50:25 PM] Checking for due sends...
ℹ️  [10:50:25 PM] No sends due for processing (19 checks total)
🔄 [10:51:25 PM] Checking for due sends...
ℹ️  [10:51:25 PM] No sends due for processing (20 checks total)
🔄 [10:52:25 PM] Checking for due sends...
ℹ️  [10:52:25 PM] No sends due for processing (21 checks total)
🔄 [10:53:25 PM] Checking for due sends...
ℹ️  [10:53:25 PM] No sends due for processing (22 checks total)
🔄 [10:54:25 PM] Checking for due sends...
ℹ️  [10:54:25 PM] No sends due for processing (23 checks total)
🔄 [10:55:25 PM] Checking for due sends...
ℹ️  [10:55:25 PM] No sends due for processing (24 checks total)
🔄 [10:56:25 PM] Checking for due sends...
✅ [10:56:25 PM] SUCCESS! Processed 1/1 sends
   📧 Nicolás Bagattini - Índice de Bienestar WHO-5 (10_minutos)
   ⏰ Next send: 11:05:33 PM
   🔗 Link: http://localhost:3000/cuestionario/971ee42f-c0e6-4eab-989a-fdbd207359c8

🔄 [10:57:25 PM] Checking for due sends...
ℹ️  [10:57:25 PM] No sends due for processing (26 checks total)
🔄 [10:58:25 PM] Checking for due sends...
ℹ️  [10:58:25 PM] No sends due for processing (27 checks total)
🔄 [10:59:25 PM] Checking for due sends...
ℹ️  [10:59:25 PM] No sends due for processing (28 checks total)
🔄 [11:00:25 PM] Checking for due sends...
ℹ️  [11:00:25 PM] No sends due for processing (29 checks total)
🔄 [11:01:25 PM] Checking for due sends...
ℹ️  [11:01:25 PM] No sends due for processing (30 checks total)
🔄 [11:02:25 PM] Checking for due sends...
ℹ️  [11:02:25 PM] No sends due for processing (31 checks total)
🔄 [11:03:25 PM] Checking for due sends...
ℹ️  [11:03:25 PM] No sends due for processing (32 checks total)
🔄 [11:04:25 PM] Checking for due sends...
ℹ️  [11:04:25 PM] No sends due for processing (33 checks total)
🔄 [11:05:25 PM] Checking for due sends...
ℹ️  [11:05:25 PM] No sends due for processing (34 checks total)
🔄 [11:06:25 PM] Checking for due sends...
✅ [11:06:25 PM] SUCCESS! Processed 1/1 sends
   📧 Nicolás Bagattini - Índice de Bienestar WHO-5 (10_minutos)
   ⏰ Next send: 11:15:33 PM
   🔗 Link: http://localhost:3000/cuestionario/0e89121a-da82-4b06-aa5e-9bcf1247e120

🔄 [11:07:25 PM] Checking for due sends...
ℹ️  [11:07:25 PM] No sends due for processing (36 checks total)
🔄 [11:08:25 PM] Checking for due sends...
ℹ️  [11:08:25 PM] No sends due for processing (37 checks total)
🔄 [11:09:25 PM] Checking for due sends...
ℹ️  [11:09:25 PM] No sends due for processing (38 checks total)
🔄 [11:10:25 PM] Checking for due sends...
ℹ️  [11:10:25 PM] No sends due for processing (39 checks total)
🔄 [11:11:25 PM] Checking for due sends...
ℹ️  [11:11:25 PM] No sends due for processing (40 checks total)
🔄 [11:12:25 PM] Checking for due sends...
ℹ️  [11:12:25 PM] No sends due for processing (41 checks total)
🔄 [11:13:25 PM] Checking for due sends...
ℹ️  [11:13:25 PM] No sends due for processing (42 checks total)
