🤖 Starting Simple Automatic Questionnaire Processor...
⏰ Checking for due sends every 60 seconds
🎯 Endpoint: http://localhost:3001/api/test/process-fast
📧 Perfect for testing 10-minute recurrence!

🛑 Press Ctrl+C to stop

🔄 [7:59:40 PM] Checking for due sends...
ℹ️  [7:59:40 PM] No sends due for processing (1 checks total)
🔄 [8:00:40 PM] Checking for due sends...
ℹ️  [8:00:40 PM] No sends due for processing (2 checks total)
🔄 [8:01:40 PM] Checking for due sends...
ℹ️  [8:01:40 PM] No sends due for processing (3 checks total)
🔄 [8:02:40 PM] Checking for due sends...
ℹ️  [8:02:40 PM] No sends due for processing (4 checks total)
🔄 [8:03:40 PM] Checking for due sends...
ℹ️  [8:03:40 PM] No sends due for processing (5 checks total)
🔄 [8:04:40 PM] Checking for due sends...
ℹ️  [8:04:40 PM] No sends due for processing (6 checks total)
🔄 [8:05:40 PM] Checking for due sends...
ℹ️  [8:05:40 PM] No sends due for processing (7 checks total)
🔄 [8:06:40 PM] Checking for due sends...
ℹ️  [8:06:40 PM] No sends due for processing (8 checks total)
🔄 [8:07:40 PM] Checking for due sends...
ℹ️  [8:07:40 PM] No sends due for processing (9 checks total)
🔄 [8:08:40 PM] Checking for due sends...
ℹ️  [8:08:40 PM] No sends due for processing (10 checks total)
🔄 [8:09:40 PM] Checking for due sends...
ℹ️  [8:09:40 PM] No sends due for processing (11 checks total)
🔄 [8:10:40 PM] Checking for due sends...
✅ [8:10:40 PM] SUCCESS! Processed 1/1 sends
   📧 Pedro Subiria - Estructura psíquica adolescente (OPD-CA2-SQ) (10_minutos)
   ⏰ Next send: 8:20:14 PM
   🔗 Link: http://localhost:3000/cuestionario/0ae7c946-b6e2-47af-9c3f-6fc31b44f7a5

🔄 [8:11:40 PM] Checking for due sends...
✅ [8:11:40 PM] SUCCESS! Processed 1/1 sends
   📧 Pedro Subiria - Estructura psíquica adolescente (OPD-CA2-SQ) (mensual)
   ⏰ Next send: 8:11:30 PM
   🔗 Link: http://localhost:3000/cuestionario/85aa7f2c-87fa-43ed-b14c-70a04d0430c3

🔄 [8:12:40 PM] Checking for due sends...
ℹ️  [8:12:40 PM] No sends due for processing (14 checks total)
🔄 [8:13:40 PM] Checking for due sends...
ℹ️  [8:13:40 PM] No sends due for processing (15 checks total)
🔄 [8:14:40 PM] Checking for due sends...
ℹ️  [8:14:40 PM] No sends due for processing (16 checks total)
🔄 [8:15:40 PM] Checking for due sends...
ℹ️  [8:15:40 PM] No sends due for processing (17 checks total)
🔄 [8:16:40 PM] Checking for due sends...
ℹ️  [8:16:40 PM] No sends due for processing (18 checks total)
🔄 [8:17:40 PM] Checking for due sends...
ℹ️  [8:17:40 PM] No sends due for processing (19 checks total)
🔄 [8:18:40 PM] Checking for due sends...
ℹ️  [8:18:40 PM] No sends due for processing (20 checks total)
🔄 [8:19:40 PM] Checking for due sends...
ℹ️  [8:19:40 PM] No sends due for processing (21 checks total)
🔄 [8:20:40 PM] Checking for due sends...
ℹ️  [8:20:40 PM] No sends due for processing (22 checks total)
🔄 [8:21:40 PM] Checking for due sends...
ℹ️  [8:21:40 PM] No sends due for processing (23 checks total)
🔄 [8:22:40 PM] Checking for due sends...
ℹ️  [8:22:40 PM] No sends due for processing (24 checks total)
🔄 [8:23:40 PM] Checking for due sends...
ℹ️  [8:23:40 PM] No sends due for processing (25 checks total)
🔄 [8:24:40 PM] Checking for due sends...
ℹ️  [8:24:40 PM] No sends due for processing (26 checks total)
🔄 [8:25:40 PM] Checking for due sends...
ℹ️  [8:25:40 PM] No sends due for processing (27 checks total)
🔄 [8:26:40 PM] Checking for due sends...
ℹ️  [8:26:40 PM] No sends due for processing (28 checks total)
🔄 [8:27:40 PM] Checking for due sends...
ℹ️  [8:27:40 PM] No sends due for processing (29 checks total)
🔄 [8:28:40 PM] Checking for due sends...
ℹ️  [8:28:40 PM] No sends due for processing (30 checks total)
🔄 [8:29:40 PM] Checking for due sends...
ℹ️  [8:29:40 PM] No sends due for processing (31 checks total)
🔄 [8:30:40 PM] Checking for due sends...
ℹ️  [8:30:40 PM] No sends due for processing (32 checks total)
🔄 [8:31:40 PM] Checking for due sends...
ℹ️  [8:31:40 PM] No sends due for processing (33 checks total)
🔄 [8:32:40 PM] Checking for due sends...
ℹ️  [8:32:40 PM] No sends due for processing (34 checks total)
🔄 [8:33:40 PM] Checking for due sends...
ℹ️  [8:33:40 PM] No sends due for processing (35 checks total)
🔄 [8:34:40 PM] Checking for due sends...
ℹ️  [8:34:40 PM] No sends due for processing (36 checks total)
🔄 [8:35:40 PM] Checking for due sends...
ℹ️  [8:35:40 PM] No sends due for processing (37 checks total)
🔄 [8:36:40 PM] Checking for due sends...
ℹ️  [8:36:40 PM] No sends due for processing (38 checks total)
🔄 [8:37:40 PM] Checking for due sends...
ℹ️  [8:37:40 PM] No sends due for processing (39 checks total)
🔄 [8:38:41 PM] Checking for due sends...
ℹ️  [8:38:41 PM] No sends due for processing (40 checks total)
🔄 [8:39:41 PM] Checking for due sends...
ℹ️  [8:39:41 PM] No sends due for processing (41 checks total)
🔄 [8:40:41 PM] Checking for due sends...
ℹ️  [8:40:41 PM] No sends due for processing (42 checks total)
🔄 [8:41:41 PM] Checking for due sends...
ℹ️  [8:41:41 PM] No sends due for processing (43 checks total)
🔄 [8:42:41 PM] Checking for due sends...
ℹ️  [8:42:41 PM] No sends due for processing (44 checks total)
🔄 [8:43:41 PM] Checking for due sends...
ℹ️  [8:43:41 PM] No sends due for processing (45 checks total)
🔄 [8:44:41 PM] Checking for due sends...
ℹ️  [8:44:41 PM] No sends due for processing (46 checks total)
🔄 [8:45:41 PM] Checking for due sends...
ℹ️  [8:45:41 PM] No sends due for processing (47 checks total)
🔄 [8:46:41 PM] Checking for due sends...
ℹ️  [8:46:41 PM] No sends due for processing (48 checks total)
🔄 [8:47:41 PM] Checking for due sends...
ℹ️  [8:47:41 PM] No sends due for processing (49 checks total)
🔄 [8:48:41 PM] Checking for due sends...
ℹ️  [8:48:41 PM] No sends due for processing (50 checks total)
🔄 [8:49:41 PM] Checking for due sends...
ℹ️  [8:49:41 PM] No sends due for processing (51 checks total)
🔄 [8:50:41 PM] Checking for due sends...
ℹ️  [8:50:41 PM] No sends due for processing (52 checks total)
🔄 [8:51:41 PM] Checking for due sends...
ℹ️  [8:51:41 PM] No sends due for processing (53 checks total)
🔄 [8:52:41 PM] Checking for due sends...
ℹ️  [8:52:41 PM] No sends due for processing (54 checks total)
🔄 [8:53:41 PM] Checking for due sends...
ℹ️  [8:53:41 PM] No sends due for processing (55 checks total)
🔄 [8:54:41 PM] Checking for due sends...
ℹ️  [8:54:41 PM] No sends due for processing (56 checks total)
🔄 [8:55:41 PM] Checking for due sends...
ℹ️  [8:55:41 PM] No sends due for processing (57 checks total)
🔄 [8:56:41 PM] Checking for due sends...
ℹ️  [8:56:41 PM] No sends due for processing (58 checks total)
🔄 [8:57:41 PM] Checking for due sends...
ℹ️  [8:57:41 PM] No sends due for processing (59 checks total)
🔄 [8:58:41 PM] Checking for due sends...
ℹ️  [8:58:41 PM] No sends due for processing (60 checks total)
🔄 [8:59:41 PM] Checking for due sends...
ℹ️  [8:59:41 PM] No sends due for processing (61 checks total)
🔄 [9:00:41 PM] Checking for due sends...
ℹ️  [9:00:41 PM] No sends due for processing (62 checks total)
🔄 [9:01:41 PM] Checking for due sends...
ℹ️  [9:01:41 PM] No sends due for processing (63 checks total)
🔄 [9:02:41 PM] Checking for due sends...
ℹ️  [9:02:41 PM] No sends due for processing (64 checks total)
🔄 [9:03:41 PM] Checking for due sends...
ℹ️  [9:03:41 PM] No sends due for processing (65 checks total)
🔄 [9:04:41 PM] Checking for due sends...
ℹ️  [9:04:41 PM] No sends due for processing (66 checks total)
🔄 [9:05:41 PM] Checking for due sends...
ℹ️  [9:05:41 PM] No sends due for processing (67 checks total)
🔄 [9:06:41 PM] Checking for due sends...
ℹ️  [9:06:41 PM] No sends due for processing (68 checks total)
🔄 [9:07:41 PM] Checking for due sends...
ℹ️  [9:07:41 PM] No sends due for processing (69 checks total)
🔄 [9:08:41 PM] Checking for due sends...
ℹ️  [9:08:41 PM] No sends due for processing (70 checks total)
🔄 [9:09:41 PM] Checking for due sends...
ℹ️  [9:09:41 PM] No sends due for processing (71 checks total)
🔄 [9:10:41 PM] Checking for due sends...
ℹ️  [9:10:41 PM] No sends due for processing (72 checks total)
🔄 [9:11:41 PM] Checking for due sends...
ℹ️  [9:11:41 PM] No sends due for processing (73 checks total)
🔄 [9:12:41 PM] Checking for due sends...
ℹ️  [9:12:41 PM] No sends due for processing (74 checks total)
🔄 [9:13:41 PM] Checking for due sends...
ℹ️  [9:13:41 PM] No sends due for processing (75 checks total)
🔄 [9:14:41 PM] Checking for due sends...
ℹ️  [9:14:41 PM] No sends due for processing (76 checks total)
🔄 [9:15:41 PM] Checking for due sends...
ℹ️  [9:15:41 PM] No sends due for processing (77 checks total)
🔄 [9:16:41 PM] Checking for due sends...
ℹ️  [9:16:41 PM] No sends due for processing (78 checks total)
🔄 [9:17:41 PM] Checking for due sends...
ℹ️  [9:17:41 PM] No sends due for processing (79 checks total)
🔄 [9:18:41 PM] Checking for due sends...
ℹ️  [9:18:41 PM] No sends due for processing (80 checks total)
🔄 [9:19:41 PM] Checking for due sends...
ℹ️  [9:19:41 PM] No sends due for processing (81 checks total)
🔄 [9:20:41 PM] Checking for due sends...
ℹ️  [9:20:41 PM] No sends due for processing (82 checks total)
🔄 [9:21:41 PM] Checking for due sends...
ℹ️  [9:21:41 PM] No sends due for processing (83 checks total)
🔄 [9:22:41 PM] Checking for due sends...
ℹ️  [9:22:41 PM] No sends due for processing (84 checks total)
🔄 [9:23:41 PM] Checking for due sends...
ℹ️  [9:23:41 PM] No sends due for processing (85 checks total)
🔄 [9:24:41 PM] Checking for due sends...
ℹ️  [9:24:41 PM] No sends due for processing (86 checks total)
🔄 [9:25:41 PM] Checking for due sends...
ℹ️  [9:25:41 PM] No sends due for processing (87 checks total)
🔄 [9:26:41 PM] Checking for due sends...
ℹ️  [9:26:41 PM] No sends due for processing (88 checks total)
🔄 [9:27:41 PM] Checking for due sends...
ℹ️  [9:27:41 PM] No sends due for processing (89 checks total)
🔄 [9:28:41 PM] Checking for due sends...
ℹ️  [9:28:41 PM] No sends due for processing (90 checks total)
🔄 [9:29:41 PM] Checking for due sends...
ℹ️  [9:29:41 PM] No sends due for processing (91 checks total)
🔄 [9:30:41 PM] Checking for due sends...
ℹ️  [9:30:41 PM] No sends due for processing (92 checks total)
🔄 [9:31:41 PM] Checking for due sends...
ℹ️  [9:31:41 PM] No sends due for processing (93 checks total)
🔄 [9:32:41 PM] Checking for due sends...
ℹ️  [9:32:41 PM] No sends due for processing (94 checks total)
🔄 [9:33:41 PM] Checking for due sends...
ℹ️  [9:33:41 PM] No sends due for processing (95 checks total)
🔄 [9:34:41 PM] Checking for due sends...
ℹ️  [9:34:41 PM] No sends due for processing (96 checks total)
🔄 [9:35:41 PM] Checking for due sends...
ℹ️  [9:35:41 PM] No sends due for processing (97 checks total)
🔄 [9:36:41 PM] Checking for due sends...
ℹ️  [9:36:41 PM] No sends due for processing (98 checks total)
🔄 [9:37:41 PM] Checking for due sends...
ℹ️  [9:37:41 PM] No sends due for processing (99 checks total)
🔄 [9:38:41 PM] Checking for due sends...
ℹ️  [9:38:41 PM] No sends due for processing (100 checks total)
🔄 [9:39:41 PM] Checking for due sends...
ℹ️  [9:39:41 PM] No sends due for processing (101 checks total)
🔄 [9:40:41 PM] Checking for due sends...
ℹ️  [9:40:41 PM] No sends due for processing (102 checks total)
🔄 [9:41:41 PM] Checking for due sends...
ℹ️  [9:41:41 PM] No sends due for processing (103 checks total)
🔄 [9:42:41 PM] Checking for due sends...
ℹ️  [9:42:41 PM] No sends due for processing (104 checks total)
🔄 [9:43:41 PM] Checking for due sends...
ℹ️  [9:43:41 PM] No sends due for processing (105 checks total)
🔄 [9:44:41 PM] Checking for due sends...
ℹ️  [9:44:41 PM] No sends due for processing (106 checks total)
🔄 [9:45:41 PM] Checking for due sends...
ℹ️  [9:45:41 PM] No sends due for processing (107 checks total)
🔄 [9:46:41 PM] Checking for due sends...
ℹ️  [9:46:41 PM] No sends due for processing (108 checks total)
🔄 [9:47:41 PM] Checking for due sends...
ℹ️  [9:47:41 PM] No sends due for processing (109 checks total)
🔄 [9:48:41 PM] Checking for due sends...
ℹ️  [9:48:41 PM] No sends due for processing (110 checks total)
🔄 [9:49:41 PM] Checking for due sends...
ℹ️  [9:49:41 PM] No sends due for processing (111 checks total)
🔄 [9:50:41 PM] Checking for due sends...
ℹ️  [9:50:41 PM] No sends due for processing (112 checks total)
🔄 [9:51:41 PM] Checking for due sends...
ℹ️  [9:51:41 PM] No sends due for processing (113 checks total)
🔄 [9:52:41 PM] Checking for due sends...
ℹ️  [9:52:41 PM] No sends due for processing (114 checks total)
🔄 [9:53:41 PM] Checking for due sends...
ℹ️  [9:53:41 PM] No sends due for processing (115 checks total)
🔄 [9:54:41 PM] Checking for due sends...
ℹ️  [9:54:41 PM] No sends due for processing (116 checks total)
🔄 [9:55:41 PM] Checking for due sends...
ℹ️  [9:55:41 PM] No sends due for processing (117 checks total)
🔄 [9:56:41 PM] Checking for due sends...
ℹ️  [9:56:41 PM] No sends due for processing (118 checks total)
🔄 [9:57:41 PM] Checking for due sends...
ℹ️  [9:57:41 PM] No sends due for processing (119 checks total)
🔄 [9:58:41 PM] Checking for due sends...
ℹ️  [9:58:41 PM] No sends due for processing (120 checks total)
🔄 [9:59:41 PM] Checking for due sends...
ℹ️  [9:59:41 PM] No sends due for processing (121 checks total)
🔄 [10:00:41 PM] Checking for due sends...
ℹ️  [10:00:41 PM] No sends due for processing (122 checks total)
🔄 [10:01:41 PM] Checking for due sends...
ℹ️  [10:01:41 PM] No sends due for processing (123 checks total)
🔄 [10:02:41 PM] Checking for due sends...
ℹ️  [10:02:41 PM] No sends due for processing (124 checks total)
🔄 [10:03:41 PM] Checking for due sends...
ℹ️  [10:03:41 PM] No sends due for processing (125 checks total)
🔄 [10:04:41 PM] Checking for due sends...
ℹ️  [10:04:41 PM] No sends due for processing (126 checks total)
🔄 [10:05:41 PM] Checking for due sends...
ℹ️  [10:05:41 PM] No sends due for processing (127 checks total)
🔄 [10:06:41 PM] Checking for due sends...
ℹ️  [10:06:41 PM] No sends due for processing (128 checks total)
🔄 [10:07:41 PM] Checking for due sends...
ℹ️  [10:07:41 PM] No sends due for processing (129 checks total)
🔄 [10:08:41 PM] Checking for due sends...
ℹ️  [10:08:41 PM] No sends due for processing (130 checks total)
🔄 [10:09:41 PM] Checking for due sends...
ℹ️  [10:09:41 PM] No sends due for processing (131 checks total)
🔄 [10:10:41 PM] Checking for due sends...
ℹ️  [10:10:41 PM] No sends due for processing (132 checks total)
🔄 [10:11:41 PM] Checking for due sends...
ℹ️  [10:11:41 PM] No sends due for processing (133 checks total)
🔄 [10:12:41 PM] Checking for due sends...
ℹ️  [10:12:41 PM] No sends due for processing (134 checks total)
